// Jest Snapshot v1, https://goo.gl/fbAQLP

exports[`should render a single pokemon 1`] = `
<p>
  Shape: 
  egg
</p>
`;
